// Jest Snapshot v1, https://goo.gl/fbAQLP

exports[`matches snapshot 1`] = `
<div class="section storage-v3">
  <div class="section__title">
    Storage (V3)
  </div>
  <div class="section__body">
    <div class="field"><label class="field__label">
        Billed this period
      </label>
      <div class="field__value">
        200
      </div>
    </div>
    <div class="field"><label class="field__label">
        Billed next period
      </label>
      <div class="field__value">
        100
      </div>
    </div>
    <div class="field"><label class="field__label">
        Extra storage
      </label>
      <div class="field__value">
        <extra-storage-stub team="[object Object]"></extra-storage-stub>
      </div>
    </div>
    <div class="field"><label class="field__label">
        Used
      </label>
      <div class="field__value">
        50
      </div>
    </div>
    <div class="field"><label class="field__label">
        Remaining this period
      </label>
      <div class="field__value">
        150
      </div>
    </div>
  </div>
</div>
`;
