// Jest Snapshot v1, https://goo.gl/fbAQLP

exports[`matches snapshot 1`] = `<button class="negative-button">A message</button>`;
