// Jest Snapshot v1, https://goo.gl/fbAQLP

exports[`matches snapshot for v1.0 dataset 1`] = `<dataset-classes-stub dataset="[object Object]"></dataset-classes-stub>`;

exports[`matches snapshot for v2.0 dataset 1`] = `<dataset-classes-v2-stub dataset="[object Object]"></dataset-classes-v2-stub>`;
