// Jest Snapshot v1, https://goo.gl/fbAQLP

exports[`ProgressBar UI should match snapshot 1`] = `<div role="progressbar" tabindex="1" class="progress-indicator"><span class="progress-indicator-value progress-indicator-value--active" style="width: 10%;"></span></div>`;
