// Jest Snapshot v1, https://goo.gl/fbAQLP

exports[`matches snapshot 1`] = `<pill-base-stub class="blue-pill">A message</pill-base-stub>`;
