// Jest Snapshot v1, https://goo.gl/fbAQLP

exports[`matches snapshot when loaded 1`] = `
<div>
  <div>Data slot</div>
</div>
`;

exports[`matches snapshot when loading 1`] = `
<div>
  <div loading-options="[object Object]" class="spinner" data-min-timeout="200" data-remove="false" data-timeout="false" data-static="true" style="position: relative;">
    <div class="v-loading v-loading--medium v-loading--grey v-loading--active" style="background-color: rgba(0, 0, 0, 0.1);">
      <div class="mul5">
        <div class="mul5circle1"></div>
        <div class="mul5circle2"></div>
        <div class="mul5circle3"></div>
      </div>
    </div>
  </div>
</div>
`;
